2026-06-04 08:06:33  INFO        ...   Derniere date CSV : 2026-06-02
2026-06-04 08:06:33  INFO        ...   2 seances manquantes : 2026-06-03 -> 2026-06-04
2026-06-04 08:06:33  WARNING   [WAR] Bourse cloture a 15h30. Donnees du jour peut-etre incompletes.
2026-06-04 08:06:33  INFO        ...   Recuperation de la liste des actions ...
2026-06-04 08:06:33  INFO        [OK]  81 actions trouvees.
2026-06-04 08:06:33  INFO        ...   Telechargement : 2026-06-03 -> 2026-06-04
2026-06-04 08:07:26  INFO        [OK]  64 lignes ajoutees dans BCASAD.CSV
2026-06-04 08:07:26  INFO        [OK]  Mise a jour terminee !
2026-06-04 17:36:34  INFO        ...   Derniere date CSV : 2026-06-03
2026-06-04 17:36:34  INFO        ...   1 seances manquantes : 2026-06-04 -> 2026-06-04
2026-06-04 17:36:34  INFO        ...   Recuperation de la liste des actions ...
2026-06-04 17:36:34  INFO        [OK]  81 actions trouvees.
2026-06-04 17:36:34  INFO        ...   Telechargement : 2026-06-04 -> 2026-06-04
2026-06-04 17:37:19  ERROR      [ERR] Aucune donnee ecrite dans le CSV (seulement MASI/MSI20 vides).
2026-06-04 17:37:19  ERROR      [ERR] La bourse est peut-etre fermee ou les donnees ne sont pas disponibles.
2026-06-05 10:13:05  INFO        ...   Derniere date CSV : 2026-06-03
2026-06-05 10:13:05  INFO        ...   2 seances manquantes : 2026-06-04 -> 2026-06-05
2026-06-05 10:13:05  WARNING   [WAR] Bourse cloture a 15h30. Donnees du jour peut-etre incompletes.
2026-06-05 10:13:05  INFO        ...   Recuperation de la liste des actions ...
2026-06-05 10:13:05  INFO        [OK]  81 actions trouvees.
2026-06-05 10:13:05  INFO        ...   Telechargement : 2026-06-04 -> 2026-06-05
2026-06-05 10:13:59  INFO        [OK]  57 lignes ajoutees dans BCASAD.CSV
2026-06-05 10:13:59  INFO        [OK]  Mise a jour terminee !
2026-06-05 10:46:21  INFO        ...   Derniere date CSV : 2026-06-02
2026-06-05 10:46:21  INFO        ...   3 seances manquantes : 2026-06-03 -> 2026-06-05
2026-06-05 10:46:21  WARNING   [WAR] Bourse cloture a 15h30. Donnees du jour peut-etre incompletes.
2026-06-05 10:46:21  INFO        ...   Recuperation de la liste des actions ...
2026-06-05 10:46:21  INFO        [OK]  81 actions trouvees.
2026-06-05 10:46:21  INFO        ...   Telechargement : 2026-06-03 -> 2026-06-05
2026-06-05 10:47:18  INFO        [OK]  126 lignes ajoutees dans BCASAD.CSV
2026-06-05 10:47:18  INFO        [OK]  Mise a jour terminee !
2026-06-05 10:52:59  INFO        ...   Derniere date CSV : 2026-06-04
2026-06-05 10:52:59  INFO        ...   1 seances manquantes : 2026-06-05 -> 2026-06-05
2026-06-05 10:52:59  WARNING   [WAR] Bourse cloture a 15h30. Donnees du jour peut-etre incompletes.
2026-06-05 10:52:59  INFO        ...   Recuperation de la liste des actions ...
2026-06-05 10:52:59  INFO        [OK]  81 actions trouvees.
2026-06-05 10:52:59  INFO        ...   Telechargement : 2026-06-05 -> 2026-06-05
2026-06-05 10:53:49  ERROR      [ERR] Aucune donnee ecrite dans le CSV (seulement MASI/MSI20 vides).
2026-06-05 10:53:49  ERROR      [ERR] La bourse est peut-etre fermee ou les donnees ne sont pas disponibles.
2026-06-05 16:36:12  INFO        ...   Derniere date CSV : 2026-06-04
2026-06-05 16:36:12  INFO        ...   1 seances manquantes : 2026-06-05 -> 2026-06-05
2026-06-05 16:36:12  INFO        ...   Recuperation de la liste des actions ...
2026-06-05 16:36:12  INFO        [OK]  81 actions trouvees.
2026-06-05 16:36:12  INFO        ...   Telechargement : 2026-06-05 -> 2026-06-05
2026-06-05 16:36:56  ERROR      [ERR] Aucune donnee ecrite dans le CSV (seulement MASI/MSI20 vides).
2026-06-05 16:36:56  ERROR      [ERR] La bourse est peut-etre fermee ou les donnees ne sont pas disponibles.
2026-06-05 20:35:16  INFO        ...   Derniere date CSV : 2026-06-04
2026-06-05 20:35:16  INFO        ...   1 seances manquantes : 2026-06-05 -> 2026-06-05
2026-06-05 20:35:16  INFO        ...   Recuperation de la liste des actions ...
2026-06-05 20:35:16  INFO        [OK]  81 actions trouvees.
2026-06-05 20:35:16  INFO        ...   Telechargement : 2026-06-05 -> 2026-06-05
2026-06-05 20:36:00  ERROR      [ERR] Aucune donnee ecrite dans le CSV (seulement MASI/MSI20 vides).
2026-06-05 20:36:00  ERROR      [ERR] La bourse est peut-etre fermee ou les donnees ne sont pas disponibles.
2026-06-05 21:31:19  INFO        ...   Derniere date CSV : 2026-06-04
2026-06-05 21:31:19  INFO        ...   1 seances manquantes : 2026-06-05 -> 2026-06-05
2026-06-05 21:31:19  INFO        ...   Recuperation de la liste des actions ...
2026-06-05 21:31:19  INFO        [OK]  81 actions trouvees.
2026-06-05 21:31:19  INFO        ...   Telechargement : 2026-06-05 -> 2026-06-05
2026-06-05 21:32:03  ERROR      [ERR] Aucune donnee ecrite dans le CSV (seulement MASI/MSI20 vides).
2026-06-05 21:32:03  ERROR      [ERR] La bourse est peut-etre fermee ou les donnees ne sont pas disponibles.
2026-06-05 21:39:04  INFO        ...   Derniere date CSV : 2026-06-04
2026-06-05 21:39:04  INFO        ...   1 seances manquantes : 2026-06-05 -> 2026-06-05
2026-06-05 21:39:04  INFO        ...   Recuperation de la liste des actions ...
2026-06-05 21:39:04  INFO        [OK]  81 actions trouvees.
2026-06-05 21:39:04  INFO        ...   Telechargement : 2026-06-05 -> 2026-06-05
2026-06-05 21:39:52  ERROR      [ERR] Aucune donnee ecrite dans le CSV (seulement MASI/MSI20 vides).
2026-06-05 21:39:52  ERROR      [ERR] La bourse est peut-etre fermee ou les donnees ne sont pas disponibles.
2026-06-06 04:00:23  INFO        ...   Derniere date CSV : 2026-06-04
2026-06-06 04:00:23  INFO        ...   1 seances manquantes : 2026-06-05 -> 2026-06-05
2026-06-06 04:00:23  INFO        ...   Recuperation de la liste des actions ...
2026-06-06 04:00:23  INFO        [OK]  81 actions trouvees.
2026-06-06 04:00:23  INFO        ...   Telechargement : 2026-06-05 -> 2026-06-05
2026-06-06 04:01:11  INFO        [OK]  33 lignes ajoutees dans BCASAD.CSV
2026-06-06 04:01:11  INFO        [OK]  Mise a jour terminee !
2026-06-06 12:01:09  INFO        [OK]  CSV deja a jour jusqu au 2026-06-05. Rien a faire.
2026-06-07 14:38:24  INFO        [OK]  CSV deja a jour jusqu au 2026-06-05. Rien a faire.
2026-06-09 03:36:44  INFO        ...   Derniere date CSV : 2026-06-05
2026-06-09 03:36:44  INFO        ...   2 seances manquantes : 2026-06-08 -> 2026-06-09
2026-06-09 03:36:44  WARNING   [WAR] Bourse cloture a 15h30. Donnees du jour peut-etre incompletes.
2026-06-09 03:36:44  INFO        ...   Recuperation de la liste des actions ...
2026-06-09 03:36:44  INFO        [OK]  81 actions trouvees.
2026-06-09 03:36:44  INFO        ...   Telechargement : 2026-06-08 -> 2026-06-09
2026-06-09 03:37:35  INFO        [OK]  63 lignes ajoutees dans BCASAD.CSV
2026-06-09 03:37:35  INFO        [OK]  Mise a jour terminee !
2026-06-09 16:49:40  INFO        ...   Derniere date CSV : 2026-06-08
2026-06-09 16:49:40  INFO        ...   1 seances manquantes : 2026-06-09 -> 2026-06-09
2026-06-09 16:49:40  INFO        ...   Recuperation de la liste des actions ...
2026-06-09 16:49:40  INFO        [OK]  81 actions trouvees.
2026-06-09 16:49:40  INFO        ...   Telechargement : 2026-06-09 -> 2026-06-09
2026-06-09 16:50:25  ERROR      [ERR] Aucune donnee ecrite dans le CSV (seulement MASI/MSI20 vides).
2026-06-09 16:50:25  ERROR      [ERR] La bourse est peut-etre fermee ou les donnees ne sont pas disponibles.
2026-06-10 03:42:40  INFO        ...   Derniere date CSV : 2026-06-08
2026-06-10 03:42:40  INFO        ...   2 seances manquantes : 2026-06-09 -> 2026-06-10
2026-06-10 03:42:40  WARNING   [WAR] Bourse cloture a 15h30. Donnees du jour peut-etre incompletes.
2026-06-10 03:42:40  INFO        ...   Recuperation de la liste des actions ...
2026-06-10 03:42:40  INFO        [OK]  81 actions trouvees.
2026-06-10 03:42:40  INFO        ...   Telechargement : 2026-06-09 -> 2026-06-10
2026-06-10 03:43:30  INFO        [OK]  63 lignes ajoutees dans BCASAD.CSV
2026-06-10 03:43:30  INFO        [OK]  Mise a jour terminee !
2026-06-10 17:41:04  INFO        ...   Derniere date CSV : 2026-06-09
2026-06-10 17:41:04  INFO        ...   1 seances manquantes : 2026-06-10 -> 2026-06-10
2026-06-10 17:41:04  INFO        ...   Recuperation de la liste des actions ...
2026-06-10 17:41:04  INFO        [OK]  81 actions trouvees.
2026-06-10 17:41:04  INFO        ...   Telechargement : 2026-06-10 -> 2026-06-10
2026-06-10 17:41:52  ERROR      [ERR] Aucune donnee ecrite dans le CSV (seulement MASI/MSI20 vides).
2026-06-10 17:41:52  ERROR      [ERR] La bourse est peut-etre fermee ou les donnees ne sont pas disponibles.
2026-06-10 18:10:38  INFO        ...   Derniere date CSV : 2026-06-09
2026-06-10 18:10:38  INFO        ...   1 seances manquantes : 2026-06-10 -> 2026-06-10
2026-06-10 18:10:38  INFO        ...   Recuperation de la liste des actions ...
2026-06-10 18:10:38  INFO        [OK]  81 actions trouvees.
2026-06-10 18:10:38  INFO        ...   Telechargement : 2026-06-10 -> 2026-06-10
2026-06-10 18:11:27  ERROR      [ERR] Aucune donnee ecrite dans le CSV (seulement MASI/MSI20 vides).
2026-06-10 18:11:27  ERROR      [ERR] La bourse est peut-etre fermee ou les donnees ne sont pas disponibles.
2026-06-10 22:51:56  INFO        ...   Derniere date CSV : 2026-06-09
2026-06-10 22:51:56  INFO        ...   1 seances manquantes : 2026-06-10 -> 2026-06-10
2026-06-10 22:51:56  INFO        ...   Recuperation de la liste des actions ...
2026-06-10 22:51:56  INFO        [OK]  81 actions trouvees.
2026-06-10 22:51:56  INFO        ...   Telechargement : 2026-06-10 -> 2026-06-10
2026-06-10 22:52:47  INFO        [OK]  58 lignes ajoutees dans BCASAD.CSV
2026-06-10 22:52:47  INFO        [OK]  Mise a jour terminee !
2026-06-11 18:36:45  INFO        ...   Derniere date CSV : 2026-06-10
2026-06-11 18:36:45  INFO        ...   1 seances manquantes : 2026-06-11 -> 2026-06-11
2026-06-11 18:36:45  INFO        ...   Recuperation de la liste des actions ...
2026-06-11 18:36:45  INFO        [OK]  81 actions trouvees.
2026-06-11 18:36:45  INFO        ...   Telechargement : 2026-06-11 -> 2026-06-11
2026-06-11 18:37:36  ERROR      [ERR] Aucune donnee ecrite dans le CSV (seulement MASI/MSI20 vides).
2026-06-11 18:37:36  ERROR      [ERR] La bourse est peut-etre fermee ou les donnees ne sont pas disponibles.
2026-06-11 21:52:23  INFO        ...   Derniere date CSV : 2026-06-10
2026-06-11 21:52:23  INFO        ...   1 seances manquantes : 2026-06-11 -> 2026-06-11
2026-06-11 21:52:23  INFO        ...   Recuperation de la liste des actions ...
2026-06-11 21:52:23  INFO        [OK]  81 actions trouvees.
2026-06-11 21:52:23  INFO        ...   Telechargement : 2026-06-11 -> 2026-06-11
2026-06-11 21:53:14  ERROR      [ERR] Aucune donnee ecrite dans le CSV (seulement MASI/MSI20 vides).
2026-06-11 21:53:14  ERROR      [ERR] La bourse est peut-etre fermee ou les donnees ne sont pas disponibles.
2026-06-12 02:33:26  INFO        ...   Derniere date CSV : 2026-06-10
2026-06-12 02:33:26  INFO        ...   2 seances manquantes : 2026-06-11 -> 2026-06-12
2026-06-12 02:33:26  WARNING   [WAR] Bourse cloture a 15h30. Donnees du jour peut-etre incompletes.
2026-06-12 02:33:26  INFO        ...   Recuperation de la liste des actions ...
2026-06-12 02:33:26  INFO        [OK]  81 actions trouvees.
2026-06-12 02:33:26  INFO        ...   Telechargement : 2026-06-11 -> 2026-06-12
2026-06-12 02:34:16  INFO        [OK]  60 lignes ajoutees dans BCASAD.CSV
2026-06-12 02:34:16  INFO        [OK]  Mise a jour terminee !
2026-06-12 17:28:03  INFO        ...   Derniere date CSV : 2026-06-11
2026-06-12 17:28:03  INFO        ...   1 seances manquantes : 2026-06-12 -> 2026-06-12
2026-06-12 17:28:03  INFO        ...   Recuperation de la liste des actions ...
2026-06-12 17:28:03  INFO        [OK]  81 actions trouvees.
2026-06-12 17:28:03  INFO        ...   Telechargement : 2026-06-12 -> 2026-06-12
2026-06-12 17:28:47  ERROR      [ERR] Aucune donnee ecrite dans le CSV (seulement MASI/MSI20 vides).
2026-06-12 17:28:47  ERROR      [ERR] La bourse est peut-etre fermee ou les donnees ne sont pas disponibles.
2026-06-13 12:19:02  INFO        ...   Derniere date CSV : 2026-06-11
2026-06-13 12:19:02  INFO        ...   1 seances manquantes : 2026-06-12 -> 2026-06-12
2026-06-13 12:19:02  INFO        ...   Recuperation de la liste des actions ...
2026-06-13 12:19:02  INFO        [OK]  81 actions trouvees.
2026-06-13 12:19:02  INFO        ...   Telechargement : 2026-06-12 -> 2026-06-12
2026-06-13 12:19:56  INFO        [OK]  33 lignes ajoutees dans BCASAD.CSV
2026-06-13 12:19:56  INFO        [OK]  Mise a jour terminee !
2026-06-16 15:21:25  INFO        ...   Derniere date CSV : 2026-06-12
2026-06-16 15:21:25  INFO        ...   2 seances manquantes : 2026-06-15 -> 2026-06-16
2026-06-16 15:21:25  WARNING   [WAR] Bourse cloture a 15h30. Donnees du jour peut-etre incompletes.
2026-06-16 15:21:25  INFO        ...   Recuperation de la liste des actions ...
2026-06-16 15:21:25  INFO        [OK]  81 actions trouvees.
2026-06-16 15:21:25  INFO        ...   Telechargement : 2026-06-15 -> 2026-06-16
2026-06-16 15:22:37  INFO        [OK]  67 lignes ajoutees dans BCASAD.CSV
2026-06-16 15:22:37  INFO        [OK]  Mise a jour terminee !
2026-06-16 19:57:03  INFO        ...   Derniere date CSV : 2026-06-15
2026-06-16 19:57:03  INFO        ...   1 seances manquantes : 2026-06-16 -> 2026-06-16
2026-06-16 19:57:03  INFO        ...   Recuperation de la liste des actions ...
2026-06-16 19:57:03  INFO        [OK]  81 actions trouvees.
2026-06-16 19:57:03  INFO        ...   Telechargement : 2026-06-16 -> 2026-06-16
2026-06-16 19:57:48  ERROR      [ERR] Aucune donnee ecrite dans le CSV (seulement MASI/MSI20 vides).
2026-06-16 19:57:48  ERROR      [ERR] La bourse est peut-etre fermee ou les donnees ne sont pas disponibles.
2026-06-17 02:23:06  INFO        ...   Derniere date CSV : 2026-06-15
2026-06-17 02:23:06  INFO        ...   2 seances manquantes : 2026-06-16 -> 2026-06-17
2026-06-17 02:23:06  WARNING   [WAR] Bourse cloture a 15h30. Donnees du jour peut-etre incompletes.
2026-06-17 02:23:06  INFO        ...   Recuperation de la liste des actions ...
2026-06-17 02:23:06  INFO        [OK]  81 actions trouvees.
2026-06-17 02:23:06  INFO        ...   Telechargement : 2026-06-16 -> 2026-06-17
2026-06-17 02:23:57  INFO        [OK]  61 lignes ajoutees dans BCASAD.CSV
2026-06-17 02:23:57  INFO        [OK]  Mise a jour terminee !
2026-06-17 17:51:31  INFO        ...   Derniere date CSV : 2026-06-16
2026-06-17 17:51:31  INFO        ...   1 seances manquantes : 2026-06-17 -> 2026-06-17
2026-06-17 17:51:31  INFO        ...   Recuperation de la liste des actions ...
2026-06-17 17:51:31  INFO        [OK]  81 actions trouvees.
2026-06-17 17:51:31  INFO        ...   Telechargement : 2026-06-17 -> 2026-06-17
2026-06-17 17:52:15  ERROR      [ERR] Aucune donnee ecrite dans le CSV (seulement MASI/MSI20 vides).
2026-06-17 17:52:15  ERROR      [ERR] La bourse est peut-etre fermee ou les donnees ne sont pas disponibles.
2026-06-18 18:12:00  INFO        ...   Derniere date CSV : 2026-06-16
2026-06-18 18:12:00  INFO        ...   2 seances manquantes : 2026-06-17 -> 2026-06-18
2026-06-18 18:12:00  INFO        ...   Recuperation de la liste des actions ...
2026-06-18 18:12:00  INFO        [OK]  81 actions trouvees.
2026-06-18 18:12:00  INFO        ...   Telechargement : 2026-06-17 -> 2026-06-18
2026-06-18 18:12:49  INFO        [OK]  4 lignes ajoutees dans BCASAD.CSV
2026-06-18 18:12:49  INFO        [OK]  Mise a jour terminee !
2026-06-19 14:40:23  INFO        ...   Derniere date CSV : 2026-06-16
2026-06-19 14:40:23  INFO        ...   3 seances manquantes : 2026-06-17 -> 2026-06-19
2026-06-19 14:40:23  WARNING   [WAR] Bourse cloture a 15h30. Donnees du jour peut-etre incompletes.
2026-06-19 14:40:23  INFO        ...   Recuperation de la liste des actions ...
2026-06-19 14:40:23  INFO        [OK]  81 actions trouvees.
2026-06-19 14:40:23  INFO        ...   Telechargement : 2026-06-17 -> 2026-06-19
2026-06-19 14:41:14  INFO        [OK]  66 lignes ajoutees dans BCASAD.CSV
2026-06-19 14:41:14  INFO        [OK]  Mise a jour terminee !
2026-06-19 16:39:00  INFO        ...   Derniere date CSV : 2026-06-18
2026-06-19 16:39:00  INFO        ...   1 seances manquantes : 2026-06-19 -> 2026-06-19
2026-06-19 16:39:00  INFO        ...   Recuperation de la liste des actions ...
2026-06-19 16:39:00  INFO        [OK]  81 actions trouvees.
2026-06-19 16:39:00  INFO        ...   Telechargement : 2026-06-19 -> 2026-06-19
2026-06-19 16:39:53  ERROR      [ERR] Aucune donnee ecrite dans le CSV (seulement MASI/MSI20 vides).
2026-06-19 16:39:53  ERROR      [ERR] La bourse est peut-etre fermee ou les donnees ne sont pas disponibles.
2026-06-20 00:14:51  INFO        ...   Derniere date CSV : 2026-06-18
2026-06-20 00:14:51  INFO        ...   1 seances manquantes : 2026-06-19 -> 2026-06-19
2026-06-20 00:14:51  INFO        ...   Recuperation de la liste des actions ...
2026-06-20 00:14:51  INFO        [OK]  81 actions trouvees.
2026-06-20 00:14:51  INFO        ...   Telechargement : 2026-06-19 -> 2026-06-19
2026-06-20 00:15:45  INFO        [OK]  30 lignes ajoutees dans BCASAD.CSV
2026-06-20 00:15:45  INFO        [OK]  Mise a jour terminee !
2026-06-20 12:26:04  INFO        [OK]  CSV deja a jour jusqu au 2026-06-19. Rien a faire.
2026-06-22 23:26:36  INFO        ...   Derniere date CSV : 2026-06-19
2026-06-22 23:26:36  INFO        ...   1 seances manquantes : 2026-06-22 -> 2026-06-22
2026-06-22 23:26:36  INFO        ...   Recuperation de la liste des actions ...
2026-06-22 23:26:36  INFO        [OK]  81 actions trouvees.
2026-06-22 23:26:36  INFO        ...   Telechargement : 2026-06-22 -> 2026-06-22
2026-06-22 23:27:36  INFO        [OK]  62 lignes ajoutees dans BCASAD.CSV
2026-06-22 23:27:36  INFO        [OK]  Mise a jour terminee !
2026-06-23 16:15:47  INFO        ...   Derniere date CSV : 2026-06-22
2026-06-23 16:15:47  INFO        ...   1 seances manquantes : 2026-06-23 -> 2026-06-23
2026-06-23 16:15:47  INFO        ...   Recuperation de la liste des actions ...
2026-06-23 16:15:47  INFO        [OK]  81 actions trouvees.
2026-06-23 16:15:47  INFO        ...   Telechargement : 2026-06-23 -> 2026-06-23
2026-06-23 16:16:30  ERROR      [ERR] Aucune donnee ecrite dans le CSV (seulement MASI/MSI20 vides).
2026-06-23 16:16:30  ERROR      [ERR] La bourse est peut-etre fermee ou les donnees ne sont pas disponibles.
2026-06-24 04:23:44  INFO        ...   Derniere date CSV : 2026-06-22
2026-06-24 04:23:44  INFO        ...   2 seances manquantes : 2026-06-23 -> 2026-06-24
2026-06-24 04:23:44  WARNING   [WAR] Bourse cloture a 15h30. Donnees du jour peut-etre incompletes.
2026-06-24 04:23:44  INFO        ...   Recuperation de la liste des actions ...
2026-06-24 04:23:44  INFO        [OK]  81 actions trouvees.
2026-06-24 04:23:44  INFO        ...   Telechargement : 2026-06-23 -> 2026-06-24
2026-06-24 04:24:34  INFO        [OK]  55 lignes ajoutees dans BCASAD.CSV
2026-06-24 04:24:34  INFO        [OK]  Mise a jour terminee !
2026-06-24 15:39:04  INFO        ...   Derniere date CSV : 2026-06-23
2026-06-24 15:39:04  INFO        ...   1 seances manquantes : 2026-06-24 -> 2026-06-24
2026-06-24 15:39:04  WARNING   [WAR] Bourse cloture a 15h30. Donnees du jour peut-etre incompletes.
2026-06-24 15:39:04  INFO        ...   Recuperation de la liste des actions ...
2026-06-24 15:39:04  INFO        [OK]  81 actions trouvees.
2026-06-24 15:39:04  INFO        ...   Telechargement : 2026-06-24 -> 2026-06-24
2026-06-24 15:39:48  ERROR      [ERR] Aucune donnee ecrite dans le CSV (seulement MASI/MSI20 vides).
2026-06-24 15:39:48  ERROR      [ERR] La bourse est peut-etre fermee ou les donnees ne sont pas disponibles.
2026-06-25 16:10:53  INFO        ...   Derniere date CSV : 2026-06-23
2026-06-25 16:10:53  INFO        ...   2 seances manquantes : 2026-06-24 -> 2026-06-25
2026-06-25 16:10:53  INFO        ...   Recuperation de la liste des actions ...
2026-06-25 16:10:53  INFO        [OK]  81 actions trouvees.
2026-06-25 16:10:53  INFO        ...   Telechargement : 2026-06-24 -> 2026-06-25
2026-06-25 16:11:51  INFO        [OK]  58 lignes ajoutees dans BCASAD.CSV
2026-06-25 16:11:51  INFO        [OK]  Mise a jour terminee !
2026-06-26 09:59:36  INFO        ...   Derniere date CSV : 2026-06-24
2026-06-26 09:59:36  INFO        ...   2 seances manquantes : 2026-06-25 -> 2026-06-26
2026-06-26 09:59:36  WARNING   [WAR] Bourse cloture a 15h30. Donnees du jour peut-etre incompletes.
2026-06-26 09:59:36  INFO        ...   Recuperation de la liste des actions ...
2026-06-26 09:59:36  INFO        [OK]  81 actions trouvees.
2026-06-26 09:59:36  INFO        ...   Telechargement : 2026-06-25 -> 2026-06-26
2026-06-26 10:00:28  INFO        [OK]  61 lignes ajoutees dans BCASAD.CSV
2026-06-26 10:00:28  INFO        [OK]  Mise a jour terminee !
2026-06-26 15:31:00  INFO        ...   Derniere date CSV : 2026-06-25
2026-06-26 15:31:00  INFO        ...   1 seances manquantes : 2026-06-26 -> 2026-06-26
2026-06-26 15:31:00  WARNING   [WAR] Bourse cloture a 15h30. Donnees du jour peut-etre incompletes.
2026-06-26 15:31:00  INFO        ...   Recuperation de la liste des actions ...
2026-06-26 15:31:00  INFO        [OK]  81 actions trouvees.
2026-06-26 15:31:00  INFO        ...   Telechargement : 2026-06-26 -> 2026-06-26
2026-06-26 15:31:52  ERROR      [ERR] Aucune donnee ecrite dans le CSV (seulement MASI/MSI20 vides).
2026-06-26 15:31:52  ERROR      [ERR] La bourse est peut-etre fermee ou les donnees ne sont pas disponibles.
2026-06-27 12:00:57  INFO        ...   Derniere date CSV : 2026-06-25
2026-06-27 12:00:57  INFO        ...   1 seances manquantes : 2026-06-26 -> 2026-06-26
2026-06-27 12:00:57  INFO        ...   Recuperation de la liste des actions ...
2026-06-27 12:00:57  INFO        [OK]  81 actions trouvees.
2026-06-27 12:00:57  INFO        ...   Telechargement : 2026-06-26 -> 2026-06-26
2026-06-27 12:01:46  INFO        [OK]  31 lignes ajoutees dans BCASAD.CSV
2026-06-27 12:01:46  INFO        [OK]  Mise a jour terminee !
2026-06-30 13:29:44  INFO        ...   Derniere date CSV : 2026-06-26
2026-06-30 13:29:44  INFO        ...   2 seances manquantes : 2026-06-29 -> 2026-06-30
2026-06-30 13:29:44  WARNING   [WAR] Bourse cloture a 15h30. Donnees du jour peut-etre incompletes.
2026-06-30 13:29:44  INFO        ...   Recuperation de la liste des actions ...
2026-06-30 13:29:44  INFO        [OK]  81 actions trouvees.
2026-06-30 13:29:44  INFO        ...   Telechargement : 2026-06-29 -> 2026-06-30
2026-06-30 13:30:40  INFO        [OK]  62 lignes ajoutees dans BCASAD.CSV
2026-06-30 13:30:40  INFO        [OK]  Mise a jour terminee !
2026-07-01 16:11:15  INFO        ...   Derniere date CSV : 2026-06-29
2026-07-01 16:11:15  INFO        ...   2 seances manquantes : 2026-06-30 -> 2026-07-01
2026-07-01 16:11:15  INFO        ...   Recuperation de la liste des actions ...
2026-07-01 16:11:15  INFO        [OK]  81 actions trouvees.
2026-07-01 16:11:15  INFO        ...   Telechargement : 2026-06-30 -> 2026-07-01
2026-07-01 16:12:05  INFO        [OK]  63 lignes ajoutees dans BCASAD.CSV
2026-07-01 16:12:05  INFO        [OK]  Mise a jour terminee !
2026-07-02 13:20:45  INFO        ...   Derniere date CSV : 2026-06-30
2026-07-02 13:20:45  INFO        ...   2 seances manquantes : 2026-07-01 -> 2026-07-02
2026-07-02 13:20:45  WARNING   [WAR] Bourse cloture a 15h30. Donnees du jour peut-etre incompletes.
2026-07-02 13:20:45  INFO        ...   Recuperation de la liste des actions ...
2026-07-02 13:20:45  INFO        [OK]  81 actions trouvees.
2026-07-02 13:20:45  INFO        ...   Telechargement : 2026-07-01 -> 2026-07-02
2026-07-02 13:21:35  INFO        [OK]  56 lignes ajoutees dans BCASAD.CSV
2026-07-02 13:21:35  INFO        [OK]  Mise a jour terminee !
2026-07-03 00:17:12  INFO        ...   Derniere date CSV : 2026-07-01
2026-07-03 00:17:12  INFO        ...   2 seances manquantes : 2026-07-02 -> 2026-07-03
2026-07-03 00:17:12  WARNING   [WAR] Bourse cloture a 15h30. Donnees du jour peut-etre incompletes.
2026-07-03 00:17:12  INFO        ...   Recuperation de la liste des actions ...
2026-07-03 00:17:12  INFO        [OK]  81 actions trouvees.
2026-07-03 00:17:12  INFO        ...   Telechargement : 2026-07-02 -> 2026-07-03
2026-07-03 00:18:08  INFO        [OK]  60 lignes ajoutees dans BCASAD.CSV
2026-07-03 00:18:08  INFO        [OK]  Mise a jour terminee !
2026-07-03 04:01:47  INFO        ...   Derniere date CSV : 2026-07-02
2026-07-03 04:01:47  INFO        ...   1 seances manquantes : 2026-07-03 -> 2026-07-03
2026-07-03 04:01:47  WARNING   [WAR] Bourse cloture a 15h30. Donnees du jour peut-etre incompletes.
2026-07-03 04:01:47  INFO        ...   Recuperation de la liste des actions ...
2026-07-03 04:01:47  INFO        [OK]  81 actions trouvees.
2026-07-03 04:01:47  INFO        ...   Telechargement : 2026-07-03 -> 2026-07-03
2026-07-03 04:02:32  ERROR      [ERR] Aucune donnee ecrite dans le CSV (seulement MASI/MSI20 vides).
2026-07-03 04:02:32  ERROR      [ERR] La bourse est peut-etre fermee ou les donnees ne sont pas disponibles.
2026-07-03 13:23:16  INFO        ...   Derniere date CSV : 2026-07-02
2026-07-03 13:23:16  INFO        ...   1 seances manquantes : 2026-07-03 -> 2026-07-03
2026-07-03 13:23:16  WARNING   [WAR] Bourse cloture a 15h30. Donnees du jour peut-etre incompletes.
2026-07-03 13:23:16  INFO        ...   Recuperation de la liste des actions ...
2026-07-03 13:23:16  INFO        [OK]  81 actions trouvees.
2026-07-03 13:23:16  INFO        ...   Telechargement : 2026-07-03 -> 2026-07-03
2026-07-03 13:23:59  ERROR      [ERR] Aucune donnee ecrite dans le CSV (seulement MASI/MSI20 vides).
2026-07-03 13:23:59  ERROR      [ERR] La bourse est peut-etre fermee ou les donnees ne sont pas disponibles.
2026-07-04 11:53:50  INFO        ...   Derniere date CSV : 2026-07-02
2026-07-04 11:53:50  INFO        ...   1 seances manquantes : 2026-07-03 -> 2026-07-03
2026-07-04 11:53:50  INFO        ...   Recuperation de la liste des actions ...
2026-07-04 11:53:50  INFO        [OK]  81 actions trouvees.
2026-07-04 11:53:50  INFO        ...   Telechargement : 2026-07-03 -> 2026-07-03
2026-07-04 11:54:44  INFO        [OK]  39 lignes ajoutees dans BCASAD.CSV
2026-07-04 11:54:44  INFO        [OK]  Mise a jour terminee !
2026-07-06 15:59:15  INFO        ...   Derniere date CSV : 2026-07-03
2026-07-06 15:59:15  INFO        ...   1 seances manquantes : 2026-07-06 -> 2026-07-06
2026-07-06 15:59:15  WARNING   [WAR] Bourse cloture a 15h30. Donnees du jour peut-etre incompletes.
2026-07-06 15:59:15  INFO        ...   Recuperation de la liste des actions ...
2026-07-06 15:59:15  INFO        [OK]  81 actions trouvees.
2026-07-06 15:59:15  INFO        ...   Telechargement : 2026-07-06 -> 2026-07-06
2026-07-06 15:59:58  ERROR      [ERR] Aucune donnee ecrite dans le CSV (seulement MASI/MSI20 vides).
2026-07-06 15:59:58  ERROR      [ERR] La bourse est peut-etre fermee ou les donnees ne sont pas disponibles.
2026-07-07 10:21:38  INFO        ...   Derniere date CSV : 2026-07-03
2026-07-07 10:21:38  INFO        ...   2 seances manquantes : 2026-07-06 -> 2026-07-07
2026-07-07 10:21:38  WARNING   [WAR] Bourse cloture a 15h30. Donnees du jour peut-etre incompletes.
2026-07-07 10:21:38  INFO        ...   Recuperation de la liste des actions ...
2026-07-07 10:21:38  INFO        [OK]  81 actions trouvees.
2026-07-07 10:21:38  INFO        ...   Telechargement : 2026-07-06 -> 2026-07-07
2026-07-07 10:22:33  INFO        [OK]  61 lignes ajoutees dans BCASAD.CSV
2026-07-07 10:22:33  INFO        [OK]  Mise a jour terminee !
2026-07-08 09:22:51  INFO        ...   Derniere date CSV : 2026-07-06
2026-07-08 09:22:51  INFO        ...   2 seances manquantes : 2026-07-07 -> 2026-07-08
2026-07-08 09:22:51  WARNING   [WAR] Bourse cloture a 15h30. Donnees du jour peut-etre incompletes.
2026-07-08 09:22:51  INFO        ...   Recuperation de la liste des actions ...
2026-07-08 09:22:51  INFO        [OK]  81 actions trouvees.
2026-07-08 09:22:51  INFO        ...   Telechargement : 2026-07-07 -> 2026-07-08
2026-07-08 09:23:46  INFO        [OK]  63 lignes ajoutees dans BCASAD.CSV
2026-07-08 09:23:46  INFO        [OK]  Mise a jour terminee !
2026-07-08 19:06:21  INFO        ...   Derniere date CSV : 2026-07-07
2026-07-08 19:06:21  INFO        ...   1 seances manquantes : 2026-07-08 -> 2026-07-08
2026-07-08 19:06:21  INFO        ...   Recuperation de la liste des actions ...
2026-07-08 19:06:21  INFO        [OK]  81 actions trouvees.
2026-07-08 19:06:21  INFO        ...   Telechargement : 2026-07-08 -> 2026-07-08
2026-07-08 19:07:08  ERROR      [ERR] Aucune donnee ecrite dans le CSV (seulement MASI/MSI20 vides).
2026-07-08 19:07:08  ERROR      [ERR] La bourse est peut-etre fermee ou les donnees ne sont pas disponibles.
2026-07-09 10:30:12  INFO        ...   Derniere date CSV : 2026-07-07
2026-07-09 10:30:12  INFO        ...   2 seances manquantes : 2026-07-08 -> 2026-07-09
2026-07-09 10:30:12  WARNING   [WAR] Bourse cloture a 15h30. Donnees du jour peut-etre incompletes.
2026-07-09 10:30:12  INFO        ...   Recuperation de la liste des actions ...
2026-07-09 10:30:12  INFO        [OK]  81 actions trouvees.
2026-07-09 10:30:12  INFO        ...   Telechargement : 2026-07-08 -> 2026-07-09
2026-07-09 10:31:07  INFO        [OK]  63 lignes ajoutees dans BCASAD.CSV
2026-07-09 10:31:07  INFO        [OK]  Mise a jour terminee !
2026-07-09 14:13:55  INFO        ...   Derniere date CSV : 2026-07-08
2026-07-09 14:13:55  INFO        ...   1 seances manquantes : 2026-07-09 -> 2026-07-09
2026-07-09 14:13:55  WARNING   [WAR] Bourse cloture a 15h30. Donnees du jour peut-etre incompletes.
2026-07-09 14:13:55  INFO        ...   Recuperation de la liste des actions ...
2026-07-09 14:13:55  INFO        [OK]  81 actions trouvees.
2026-07-09 14:13:55  INFO        ...   Telechargement : 2026-07-09 -> 2026-07-09
2026-07-09 14:14:45  ERROR      [ERR] Aucune donnee ecrite dans le CSV (seulement MASI/MSI20 vides).
2026-07-09 14:14:45  ERROR      [ERR] La bourse est peut-etre fermee ou les donnees ne sont pas disponibles.
2026-07-10 10:19:10  INFO        ...   Derniere date CSV : 2026-07-08
2026-07-10 10:19:10  INFO        ...   2 seances manquantes : 2026-07-09 -> 2026-07-10
2026-07-10 10:19:10  WARNING   [WAR] Bourse cloture a 15h30. Donnees du jour peut-etre incompletes.
2026-07-10 10:19:10  INFO        ...   Recuperation de la liste des actions ...
2026-07-10 10:19:10  INFO        [OK]  81 actions trouvees.
2026-07-10 10:19:10  INFO        ...   Telechargement : 2026-07-09 -> 2026-07-10
2026-07-10 10:20:07  INFO        [OK]  62 lignes ajoutees dans BCASAD.CSV
2026-07-10 10:20:07  INFO        [OK]  Mise a jour terminee !
2026-07-11 08:43:28  INFO        ...   Derniere date CSV : 2026-07-09
2026-07-11 08:43:28  INFO        ...   1 seances manquantes : 2026-07-10 -> 2026-07-10
2026-07-11 08:43:28  INFO        ...   Recuperation de la liste des actions ...
2026-07-11 08:43:28  INFO        [OK]  81 actions trouvees.
2026-07-11 08:43:28  INFO        ...   Telechargement : 2026-07-10 -> 2026-07-10
2026-07-11 08:44:16  INFO        [OK]  43 lignes ajoutees dans BCASAD.CSV
2026-07-11 08:44:16  INFO        [OK]  Mise a jour terminee !
2026-07-14 09:01:40  INFO        ...   Derniere date CSV : 2026-07-10
2026-07-14 09:01:40  INFO        ...   2 seances manquantes : 2026-07-13 -> 2026-07-14
2026-07-14 09:01:40  WARNING   [WAR] Bourse cloture a 15h30. Donnees du jour peut-etre incompletes.
2026-07-14 09:01:40  INFO        ...   Recuperation de la liste des actions ...
2026-07-14 09:01:40  INFO        [OK]  81 actions trouvees.
2026-07-14 09:01:40  INFO        ...   Telechargement : 2026-07-13 -> 2026-07-14
2026-07-14 09:02:37  INFO        [OK]  64 lignes ajoutees dans BCASAD.CSV
2026-07-14 09:02:37  INFO        [OK]  Mise a jour terminee !
